real eq done 0.1s
  null 0  0.1s
  null 10  0.8s
  null 20  1.4s
  null 30  2.1s
doublet rate: real 0.6748%  null mean 0.6361%

HITS under doublet-matched null: 0 / 44  []
INSTRUCTIONS           rep=True  real=1       null_mean=0.0        null_max=1        z=+6.17 
DEGREES                rep=True  real=5       null_mean=2.2        null_max=6        z=+1.86 
SERVICE                rep=True  real=336     null_mean=305.7      null_max=348      z=+1.79 
USERNAME               rep=True  real=273     null_mean=250.2      null_max=288      z=+1.72 
DEGREE                 rep=True  real=5       null_mean=2.5        null_max=6        z=+1.63 
BLOCK                  rep=True  real=83      null_mean=72.6       null_max=86       z=+1.28 
PASSWORD               rep=True  real=53      null_mean=45.0       null_max=64       z=+1.17 
THREE                  rep=True  real=87      null_mean=79.1       null_max=94       z=+0.94 
HTTP                   rep=True  real=87      null_mean=79.3       null_max=96       z=+0.91 
HIDDEN                 rep=True  real=72      null_mean=65.5       null_max=80       z=+0.89 
DOWNLOAD               rep=True  real=14      null_mean=11.1       null_max=22       z=+0.87 
DOTONION               rep=True  real=1       null_mean=0.4        null_max=4        z=+0.77 
total 2.7s
