LM corpus sizes (runes): {'EN': 838313, 'LA': 804740, 'DE': 221757, 'CY': 317261, 'OE': 242759, 'RG': 684} 4.5s
LM identification matrix: {
 "EN": {
  "EN": -1.1491,
  "LA": -1.6546,
  "DE": -1.5596,
  "CY": -1.3563,
  "OE": -1.2593,
  "RG": -1.3917
 },
 "LA": {
  "EN": -1.4455,
  "LA": -0.9885,
  "DE": -1.5412,
  "CY": -1.3594,
  "OE": -1.3616,
  "RG": -1.4778
 },
 "DE": {
  "EN": -1.2122,
  "LA": -1.2472,
  "DE": -0.7758,
  "CY": -1.2765,
  "OE": -1.1422,
  "RG": -1.4144
 },
 "CY": {
  "EN": -1.5851,
  "LA": -1.5583,
  "DE": -1.519,
  "CY": -0.9759,
  "OE": -1.5421,
  "RG": -1.4824
 },
 "OE": {
  "EN": -1.6632,
  "LA": -1.5697,
  "DE": -1.582,
  "CY": -1.3473,
  "OE": -1.1857,
  "RG": -1.4519
 }
}
--- real language sweep ---
--- null language sweep (10 reps) ---
  null rep 0 done
  null rep 1 done
  null rep 2 done
  null rep 3 done
  null rep 4 done
  null rep 5 done
  null rep 6 done
  null rep 7 done
  null rep 8 done
  null rep 9 done
--- token search ---
EN|L4    best=-1.5876 null_mean=-1.6871 sd=0.0122 nullmax=-1.6667 z=+8.16 PASS
DE|L2    best=-1.5810 null_mean=-1.6239 sd=0.0121 nullmax=-1.6049 z=+3.53 
DE|L6    best=-1.4715 null_mean=-1.5078 sd=0.0184 nullmax=-1.4739 z=+1.97 
LA|L3    best=-1.6549 null_mean=-1.6706 sd=0.0137 nullmax=-1.6507 z=+1.15 
RG|L1    best=-1.4411 null_mean=-1.4442 sd=0.0045 nullmax=-1.4358 z=+0.67 
LA|L2    best=-1.6846 null_mean=-1.6997 sd=0.0246 nullmax=-1.6474 z=+0.62 
DE|L5    best=-1.5044 null_mean=-1.5201 sd=0.0304 nullmax=-1.4764 z=+0.52 
OE|L1    best=-1.6424 null_mean=-1.6552 sd=0.0279 nullmax=-1.6228 z=+0.46 
OE|L5    best=-1.5132 null_mean=-1.5242 sd=0.0278 nullmax=-1.4766 z=+0.40 
CY|L4    best=-1.5367 null_mean=-1.5453 sd=0.0236 nullmax=-1.4927 z=+0.37 
RG|L4    best=-1.4148 null_mean=-1.4163 sd=0.0041 nullmax=-1.4083 z=+0.36 
DE|L1    best=-1.6503 null_mean=-1.6557 sd=0.0149 nullmax=-1.6386 z=+0.36 
DE|L4    best=-1.5520 null_mean=-1.5581 sd=0.0178 nullmax=-1.5304 z=+0.34 
CY|L3    best=-1.5641 null_mean=-1.5713 sd=0.0250 nullmax=-1.5165 z=+0.29 
CY|L2    best=-1.6021 null_mean=-1.6069 sd=0.0200 nullmax=-1.5771 z=+0.24 
TOKEN HITS: {}
total time 389.8s
