LMs built 7.4s
real scan done 9.9s
  null 0  12.4s
  null 10  30.3s
  null 20  45.2s
  null 30  61.0s
  null 40  78.6s
  null 50  94.8s
  pc english {16: 0.3333333333333333, 24: 1.0, 32: 1.0, 48: 1.0, 64: 1.0, 96: 1.0, 128: 1.0, 192: 1.0}
  pc latin {16: 0.0, 24: 1.0, 32: 1.0, 48: 1.0, 64: 1.0, 96: 1.0, 128: 1.0, 192: 1.0}
  pc coord {16: 0.0, 24: 1.0, 32: 1.0, 48: 1.0, 64: 1.0, 96: 1.0, 128: 1.0, 192: 1.0}
OE|192     real=-1.6197 null_mean=-1.6500 sd=0.0087 max=-1.6279 z=+3.51  [rev1_atb0_s08@11506]
OE|96      real=-1.5238 null_mean=-1.5708 sd=0.0165 max=-1.5256 z=+2.85  [rev1_atb0_s08@11623]
EN|192     real=-1.7739 null_mean=-1.8013 sd=0.0116 max=-1.7667 z=+2.37  [rev0_atb0_s14@7371]
DE|192     real=-1.6218 null_mean=-1.6392 sd=0.0099 max=-1.5950 z=+1.75  [rev0_atb0_s28@2207]
RG|96      real=-1.4152 null_mean=-1.4224 sd=0.0045 max=-1.4131 z=+1.61  [rev0_atb1_s09@9515]
RG|48      real=-1.3782 null_mean=-1.3868 sd=0.0078 max=-1.3555 z=+1.09  [rev0_atb1_s09@9557]
DE|96      real=-1.5606 null_mean=-1.5719 sd=0.0118 max=-1.5448 z=+0.96  [rev0_atb0_s28@2219]
RG|192     real=-1.4401 null_mean=-1.4420 sd=0.0022 max=-1.4360 z=+0.88  [rev0_atb1_s09@9489]
CY|192     real=-1.6245 null_mean=-1.6305 sd=0.0111 max=-1.5957 z=+0.54  [rev1_atb1_s21@11619]
DE|48      real=-1.4570 null_mean=-1.4667 sd=0.0193 max=-1.4009 z=+0.50  [rev0_atb0_s06@11900]
LA|96      real=-1.6391 null_mean=-1.6452 sd=0.0157 max=-1.6066 z=+0.39  [rev0_atb0_s13@803]
EN|96      real=-1.7030 null_mean=-1.7077 sd=0.0177 max=-1.6536 z=+0.27  [rev0_atb0_s14@4090]
OE|24      real=-1.2479 null_mean=-1.2534 sd=0.0318 max=-1.1832 z=+0.17  [rev1_atb0_s18@8248]
OE|48      real=-1.4542 null_mean=-1.4550 sd=0.0254 max=-1.3603 z=+0.03  [rev1_atb1_s07@309]
CY|24      real=-1.2555 null_mean=-1.2537 sd=0.0288 max=-1.1699 z=-0.06  [rev0_atb1_s21@3082]
CY|96      real=-1.5540 null_mean=-1.5529 sd=0.0154 max=-1.5054 z=-0.07  [rev1_atb1_s23@11433]
CY|48      real=-1.4459 null_mean=-1.4414 sd=0.0253 max=-1.3498 z=-0.18  [rev0_atb0_s08@3734]
EN|48      real=-1.5657 null_mean=-1.5605 sd=0.0287 max=-1.4929 z=-0.18  [rev0_atb0_s10@4770]
RG|24      real=-1.3204 null_mean=-1.3156 sd=0.0174 max=-1.2627 z=-0.28  [rev0_atb1_s09@6405]
LA|192     real=-1.7326 null_mean=-1.7280 sd=0.0112 max=-1.6934 z=-0.41  [rev1_atb1_s08@12134]
LA|24      real=-1.3205 null_mean=-1.3061 sd=0.0338 max=-1.2031 z=-0.43  [rev1_atb1_s06@5289]
LA|48      real=-1.5280 null_mean=-1.5148 sd=0.0289 max=-1.3597 z=-0.46  [rev1_atb1_s06@5265]
EN|24      real=-1.3500 null_mean=-1.3284 sd=0.0422 max=-1.2079 z=-0.51  [rev1_atb1_s24@3438]
DE|24      real=-1.3006 null_mean=-1.2801 sd=0.0375 max=-1.1309 z=-0.55  [rev1_atb0_s05@860]
D4: {
 "D4|192": {
  "real": -134.0,
  "null_mean": -133.9,
  "null_sd": 0.37893237337253677,
  "null_max": -133.0,
  "z": -0.26389933145585875
 },
 "D4|512": {
  "real": -331.0,
  "null_mean": -330.5,
  "null_sd": 0.6405126152203485,
  "null_max": -329.0,
  "z": -0.7806247497997998
 }
}
total 202.4s
