scorer calibration (score_norm, log10/quadgram): {'english_plain': -4.48, 'uniform_random': -7.473, 'real_lp2_raw': -7.465}

=== POSITIVE CONTROL: planted short-key Vigenere + correction drift ===
  k= 4: RECOVERY 98.4%  quadgram -4.523  key positions exact 4/4  drift 4.00%
        got   STARTOFTHEPROJECTGUTENBERGEBOOCMOBYDICCORTHEWHALEBYHERSANMELUILLECONTENTSETYMOLOGYEXTRACTSSUPPLIEDBYASUBSUBLIB
        truth STARTOFTHEPROJECTGUTENBERGEBOOCMOBYDICCORTHEWHALEBYHERMANMELUILLECONTENTSETYMOLOGYEXTRACTSSUPPLIEDBYASUBSUBLIB
  k= 6: RECOVERY 97.4%  quadgram -4.502  key positions exact 6/6  drift 5.00%
        got   STARTOFTHEPROJECTGUTENEERGEBOLERMEDDICCORTHEWHALEBYHERMANMELUILLECONTENTSETYMOLOGYEXTRACTSSUPPLIEDBYASUBSUBLAR
        truth STARTOFTHEPROJECTGUTENBERGEBOOCMOBYDICCORTHEWHALEBYHERMANMELUILLECONTENTSETYMOLOGYEXTRACTSSUPPLIEDBYASUBSUBLIB
  k= 8: RECOVERY 99.4%  quadgram -4.491  key positions exact 8/8  drift 2.50%
        got   STARTOFTHEPROJECTGUTENBERGEBOOCMOBYDICCORTHEWHALEBYHERMANMELUILLECONTENTSETYMOLOGYEXTRACTSSUPPLIEDBYASUBSUBLIB
        truth STARTOFTHEPROJECTGUTENBERGEBOOCMOBYDICCORTHEWHALEBYHERMANMELUILLECONTENTSETYMOLOGYEXTRACTSSUPPLIEDBYASUBSUBLIB
  k=12: RECOVERY 89.5%  quadgram -5.129  key positions exact 11/12  drift 4.88%
        got   STARTOFTHEPROJECTGUTENBORGEBOOCMOBYHICCORTHEWHACEBYHERMANMECUILLECONTENUSETYMOLOGYEEATRACTSSUPPLAEDBYASUBUSBLI
        truth STARTOFTHEPROJECTGUTENBERGEBOOCMOBYDICCORTHEWHALEBYHERMANMELUILLECONTENTSETYMOLOGYEXTRACTSSUPPLIEDBYASUBSUBLIB

=== NEGATIVE CONTROL: memoryless base + soft anti-repeat (no key) ===
  k= 4: quadgram -6.485   NGEBUEEPLYANTHAPROYNGIGYEANGOWENIAEAOEUYCSUGAELOTEAMIFHEAUAEOERHAMRAOCMABRCYWHEAMANGINGETHREAMYBYSUW
  k= 8: quadgram -6.385   OOFLMMMANDBEAIRMSTHAEFNGBLFMASPTDUIALOYSEPAYWLTHSPCINYHTPHTSORPGEONGDLBEATSWNGSHAEWYDFLANCTHEJOEMNAF
  k=12: quadgram -6.539   JETEWHEDODTODIFEUBPXSENGHEGALEROUTOMAEEOTIWHTHXBINDIAFOESSEATEALFRFIRIATEISGAELWIHEFOGPMWHOOWIBITWGE

=== REAL LP2 (pages 0-54 concatenation, 3 segments) ===
wrote results_stage2_controls.json (controls only)
