n=12956  real IoC*29=0.99987  uniform null 0.99999+/-0.00056  -> flatness window [0.99832, 1.00166]
English runeglish plaintext IoC*29 = 1.7083

    k   rho     mean       sd      min     pred  #in window
    4  0.00  1.17909  0.06240  1.07713  1.17707      0/400
    4  0.03  1.17880  0.06107  1.04696  1.17707      0/400
    4  0.10  1.17463  0.05957  1.04071  1.17707      0/400
    4  0.30  1.17745  0.05895  1.03746  1.17707      0/400
    5  0.00  1.14534  0.04951  1.04938  1.14165      0/400
    5  0.03  1.13970  0.04316  1.05276  1.14165      0/400
    5  0.10  1.13876  0.04774  1.04880  1.14165      0/400
    5  0.30  1.14142  0.04526  1.05940  1.14165      0/400
    6  0.00  1.11967  0.04277  1.04008  1.11805      0/400
    6  0.03  1.11565  0.03754  1.03436  1.11805      0/400
    6  0.10  1.11748  0.04310  1.03121  1.11805      0/400
    6  0.30  1.12387  0.04397  1.05054  1.11805      0/400
    7  0.00  1.10112  0.03625  1.03102  1.10118      0/400
    7  0.03  1.10247  0.03580  1.02873  1.10118      0/400
    7  0.10  1.10114  0.03523  1.02690  1.10118      0/400
    7  0.30  1.10012  0.03446  1.03165  1.10118      0/400
    8  0.00  1.09291  0.03381  1.03099  1.08853      0/400
    8  0.03  1.09054  0.03344  1.02411  1.08853      0/400
    8  0.10  1.08461  0.03065  1.02736  1.08853      0/400
    8  0.30  1.08920  0.03252  1.02386  1.08853      0/400
   10  0.00  1.07497  0.02907  1.02154  1.07083      0/400
   10  0.03  1.07216  0.02605  1.01964  1.07083      0/400
   10  0.10  1.07075  0.02558  1.02026  1.07083      0/400
   10  0.30  1.07015  0.02514  1.01743  1.07083      0/400
   12  0.00  1.05905  0.02332  1.01874  1.05902      0/400
   12  0.03  1.05825  0.02143  1.01349  1.05902      0/400
   12  0.10  1.06135  0.02175  1.01627  1.05902      0/400
   12  0.30  1.05841  0.02226  1.01677  1.05902      0/400
   16  0.00  1.04394  0.01691  1.01265  1.04427      0/400
   16  0.03  1.04353  0.01661  1.01087  1.04427      0/400
   16  0.10  1.04574  0.01770  1.01367  1.04427      0/400
   16  0.30  1.04465  0.01745  1.01322  1.04427      0/400
   20  0.00  1.03525  0.01441  1.00842  1.03541      0/400
   20  0.03  1.03458  0.01293  1.00887  1.03541      0/400
   20  0.10  1.03418  0.01375  1.00938  1.03541      0/400
   20  0.30  1.03483  0.01310  1.01131  1.03541      0/400
   24  0.00  1.03007  0.01183  1.00701  1.02951      0/400
   24  0.03  1.02940  0.01103  1.00759  1.02951      0/400
   24  0.10  1.02963  0.01121  1.00717  1.02951      0/400
   24  0.30  1.02928  0.01146  1.00869  1.02951      0/400
   32  0.00  1.02223  0.00878  1.00593  1.02213      0/400
   32  0.03  1.02293  0.00922  1.00658  1.02213      0/400
   32  0.10  1.02145  0.00855  1.00524  1.02213      0/400
   32  0.30  1.02256  0.00863  1.00612  1.02213      0/400
   40  0.00  1.01739  0.00706  1.00253  1.01771      0/400
   40  0.03  1.01785  0.00759  1.00355  1.01771      0/400
   40  0.10  1.01712  0.00714  1.00490  1.01771      0/400
   40  0.30  1.01768  0.00664  1.00332  1.01771      0/400
   48  0.00  1.01434  0.00592  1.00310  1.01476      0/400
   48  0.03  1.01439  0.00576  1.00217  1.01476      0/400
   48  0.10  1.01497  0.00615  1.00355  1.01476      0/400
   48  0.30  1.01436  0.00544  1.00387  1.01476      0/400
   64  0.00  1.01085  0.00479  1.00130  1.01107      1/400
   64  0.03  1.01132  0.00458  1.00213  1.01107      0/400
   64  0.10  1.01091  0.00445  1.00243  1.01107      0/400
   64  0.30  1.01136  0.00487  1.00219  1.01107      0/400
   96  0.00  1.00730  0.00321  1.00100  1.00738      6/400
   96  0.03  1.00716  0.00311  1.00129  1.00738      2/400
   96  0.10  1.00718  0.00319  1.00095  1.00738      4/400
   96  0.30  1.00723  0.00284  1.00172  1.00738      0/400
  128  0.00  1.00546  0.00251  1.00099  1.00553     10/400
  128  0.03  1.00558  0.00263  1.00085  1.00553     11/400
  128  0.10  1.00560  0.00269  1.00065  1.00553     10/400
  128  0.30  1.00574  0.00255  1.00031  1.00553     10/400
  200  0.00  1.00358  0.00191  0.99966  1.00354     59/400
  200  0.03  1.00341  0.00170  0.99993  1.00354     53/400
  200  0.10  1.00363  0.00183  0.99981  1.00354     49/400
  200  0.30  1.00359  0.00169  0.99991  1.00354     48/400
  300  0.00  1.00238  0.00133  0.99929  1.00236    118/400
  300  0.03  1.00225  0.00137  0.99953  1.00236    150/400
  300  0.10  1.00230  0.00133  0.99937  1.00236    145/400
  300  0.30  1.00238  0.00134  0.99913  1.00236    131/400
  400  0.00  1.00167  0.00106  0.99918  1.00177    216/400
  400  0.03  1.00160  0.00107  0.99934  1.00177    223/400
  400  0.10  1.00167  0.00114  0.99938  1.00177    226/400
  400  0.30  1.00167  0.00108  0.99929  1.00177    214/400
  500  0.00  1.00137  0.00102  0.99890  1.00142    254/400
  500  0.03  1.00133  0.00093  0.99922  1.00142    275/400
  500  0.10  1.00127  0.00098  0.99919  1.00142    277/400
  500  0.30  1.00131  0.00099  0.99934  1.00142    274/400
  600  0.00  1.00107  0.00090  0.99912  1.00118    309/400
  600  0.03  1.00108  0.00085  0.99895  1.00118    307/400
  600  0.10  1.00107  0.00093  0.99891  1.00118    300/400
  600  0.30  1.00123  0.00100  0.99926  1.00118    287/400
  800  0.00  1.00084  0.00086  0.99911  1.00089    336/400
  800  0.03  1.00072  0.00080  0.99856  1.00089    354/400
  800  0.10  1.00078  0.00089  0.99885  1.00089    333/400
  800  0.30  1.00083  0.00077  0.99938  1.00089    339/400

exact sequential check (R2_KEYADV correction, p_fix 0.82, 20 keys):
  k=  4: sequential-with-correction 1.17002 (min 1.09008)   vectorised 1.17716   delta -0.00714
  k=  8: sequential-with-correction 1.09769 (min 1.04006)   vectorised 1.10004   delta -0.00235
  k= 12: sequential-with-correction 1.05716 (min 1.03036)   vectorised 1.06265   delta -0.00550
  k= 24: sequential-with-correction 1.02873 (min 1.01580)   vectorised 1.02970   delta -0.00097
  k= 48: sequential-with-correction 1.01381 (min 1.00596)   vectorised 1.01470   delta -0.00089
  k= 96: sequential-with-correction 1.00629 (min 1.00163)   vectorised 1.00752   delta -0.00123

smallest k with ANY key inside the real stream's flatness window: 64
wrote results_w4_iocdist.json
