real stream n=12956 pages=55 lines=648  doublets=86 rate=0.006638
calibrating controls to the real doublet rate ...
  machine supp=0.8131   machine/line supp=0.8431
  hand_bleed_none      a1=1.6927  {'a2': 0.0, 'a3': 0.0, 'beta': 0.0}
  hand_bleed_tiny      a1=1.6616  {'a2': 0.05, 'a3': 0.02, 'beta': 0.05}
  hand_bleed_small     a1=1.6127  {'a2': 0.1, 'a3': 0.05, 'beta': 0.1}
  hand_bleed_mid       a1=1.5065  {'a2': 0.25, 'a3': 0.12, 'beta': 0.2}
  hand_bleed_strong    a1=1.5139  {'a2': 0.5, 'a3': 0.25, 'beta': 0.4}
  hand_rebalance_only  a1=1.5013  {'a2': 0.0, 'a3': 0.0, 'beta': 0.4}
gate: uniform vs machine ...
  GATE lag1_z power(uniform vs machine) = 1.000  (must be 1.000)
machine/line-scoped control ...
  scope test: line-cross power=1.000  combined power=1.000  real called machine
hand rung: hand_bleed_none ...
   best separators: base_interrupter_dist_mean 0.10, dbl_posinpage_mean 0.10, pages_with_zero_doublets 0.10, dbl_line_cross_rate 0.09
   rung lag2-8 suppression=-0.36%  combined power=0.110  real called machine -> VERDICT UNDERPOWERED-TO-SEPARATE
   real bleed28_z=0.65  z_vs_machine=0.48  z_vs_hand=0.47
hand rung: hand_bleed_tiny ...
   best separators: chi2W58_mean 0.99, gap_cv 0.99, chi2W116_mean 0.98, page_homog_chi2_df 0.94
   rung lag2-8 suppression=3.39%  combined power=1.000  real called machine -> VERDICT MACHINE
   real bleed28_z=0.65  z_vs_machine=0.48  z_vs_hand=2.80
hand rung: hand_bleed_small ...
   best separators: chi2W116_mean 1.00, chi2W290_mean 1.00, chi2W29_mean 1.00, chi2W58_mean 1.00
   rung lag2-8 suppression=6.85%  combined power=1.000  real called machine -> VERDICT MACHINE
   real bleed28_z=0.65  z_vs_machine=0.48  z_vs_hand=4.97
hand rung: hand_bleed_mid ...
   best separators: bleed23_rate 1.00, bleed23_z 1.00, bleed28_rate 1.00, bleed28_z 1.00
   rung lag2-8 suppression=13.25%  combined power=1.000  real called machine -> VERDICT MACHINE
   real bleed28_z=0.65  z_vs_machine=0.48  z_vs_hand=10.20
hand rung: hand_bleed_strong ...
   best separators: bleed23_rate 1.00, bleed23_z 1.00, bleed28_rate 1.00, bleed28_z 1.00
   rung lag2-8 suppression=22.17%  combined power=1.000  real called machine -> VERDICT MACHINE
   real bleed28_z=0.65  z_vs_machine=0.48  z_vs_hand=15.38
hand rung: hand_rebalance_only ...
   best separators: bleed23_rate 1.00, bleed23_z 1.00, bleed28_rate 1.00, bleed28_z 1.00
   rung lag2-8 suppression=15.79%  combined power=1.000  real called machine -> VERDICT MACHINE
   real bleed28_z=0.65  z_vs_machine=0.48  z_vs_hand=10.67
fairness (lag-1 rate): real 0.00664 | machine 0.00666 | machine_lines 0.00690 | hand_bleed_none 0.00665 | hand_bleed_tiny 0.00655 | hand_bleed_small 0.00666 | hand_bleed_mid 0.00715 | hand_bleed_strong 0.00658 | hand_rebalance_only 0.00653
bleed bound: lag-2..8 suppression > 1.696% is excluded at 95%
wrote C:\Users\dukot\projects\cicada3301\liber-primus\analysis\round16\P4_filter\results.json
