SOLVED reference pages (corpus): first physical line
  03.jpg   first line =  7 runes -> UEANGSEOFC
  05.jpg   first line = 10 runes -> SOMEWISDOM
  14.jpg   first line =  5 runes -> ASWAI

LP2 segments: line profile + ornament grammar
  seg0   lines=12 median= 22.5 first= 20 marks=''       
  seg1   lines=12 median= 22.5 first= 24 marks=''       
  seg2   lines= 9 median= 22.0 first= 21 marks='&$'     
  seg3   lines=11 median= 20.0 first= 20 marks='&'      
  seg4   lines=12 median= 22.0 first= 23 marks=''       
  seg5   lines=12 median= 22.0 first= 23 marks=''       
  seg6   lines=10 median= 21.0 first= 20 marks='&'      
  seg7   lines=10 median= 21.0 first= 20 marks='&&$'    
  seg8   lines=12 median= 22.0 first= 17 marks=''       
  seg9   lines=12 median= 22.0 first= 21 marks=''       
  seg10  lines=12 median= 21.5 first= 20 marks=''       
  seg11  lines=12 median= 23.0 first= 24 marks=''       
  seg12  lines=12 median= 22.0 first= 21 marks=''       
  seg13  lines=12 median= 22.5 first= 24 marks=''       
  seg14  lines= 7 median= 21.0 first= 21 marks='&'      
  seg15  lines= 8 median= 22.0 first=  9 marks='&$'     SHORT-FIRST-LINE
  seg16  lines=12 median= 22.0 first= 20 marks=''       
  seg17  lines=12 median= 23.0 first= 23 marks=''       
  seg18  lines=12 median= 22.0 first= 22 marks=''       
  seg19  lines=12 median= 22.5 first= 24 marks=''       
  seg20  lines=12 median= 22.5 first= 22 marks=''       
  seg21  lines=12 median= 23.0 first= 22 marks=''       
  seg22  lines= 6 median= 22.5 first= 22 marks='&$'     
  seg23  lines=10 median= 22.0 first= 20 marks=''       
  seg24  lines=12 median= 22.5 first= 22 marks=''       
  seg25  lines=12 median= 23.0 first= 22 marks=''       
  seg26  lines=12 median= 22.5 first= 20 marks='&$'     
  seg27  lines=11 median= 22.0 first= 20 marks=''       
  seg28  lines=12 median= 23.0 first= 23 marks=''       
  seg29  lines=12 median= 23.0 first= 22 marks=''       
  seg30  lines=12 median= 22.0 first= 20 marks=''       
  seg31  lines=12 median= 22.0 first= 23 marks=''       
  seg32  lines= 6 median= 22.5 first= 25 marks='&$'     
  seg33  lines=11 median= 18.0 first= 18 marks='&'      
  seg34  lines=12 median= 21.5 first= 22 marks=''       
  seg35  lines=12 median= 23.0 first= 23 marks=''       
  seg36  lines=11 median= 22.0 first= 23 marks=''       
  seg37  lines=11 median= 22.0 first= 20 marks=''       
  seg38  lines=11 median= 21.0 first= 23 marks='&'      
  seg39  lines=12 median= 22.0 first= 23 marks='&&$'    
  seg40  lines=11 median= 21.0 first= 19 marks=''       
  seg41  lines=12 median= 22.5 first= 22 marks=''       
  seg42  lines=12 median= 23.0 first= 24 marks=''       
  seg43  lines=12 median= 23.0 first= 23 marks=''       
  seg44  lines=12 median= 23.0 first= 23 marks=''       
  seg45  lines=12 median= 22.5 first= 22 marks=''       
  seg46  lines=12 median= 22.5 first= 22 marks=''       
  seg47  lines=12 median= 23.0 first= 23 marks=''       
  seg48  lines=12 median= 22.5 first= 22 marks=''       
  seg49  lines= 3 median= 22.0 first= 23 marks='&'      
  seg50  lines= 4 median= 23.5 first= 24 marks=''       
  seg51  lines=12 median= 22.0 first= 23 marks=''       
  seg52  lines= 9 median= 22.0 first= 22 marks='&'      
  seg53  lines=11 median= 21.0 first= 19 marks=''       
  seg54  lines= 4 median= 22.0 first= 24 marks='&$'     
  seg55  lines= 5 median= 19.0 first= 20 marks='&$'     
  seg56  lines= 5 median= 18.0 first= 20 marks='§'      

segments with a short first line: [(15, 9, 'FULMAEAYOEA')]

READING:
  * The solved keyed pages DO carry a set-apart title line: 03.jpg = 7 runes (WELCOME),
    14.jpg = 5 runes (A KOAN), 05.jpg = 10 runes (SOME WISDOM, plaintext).
  * Across the 55 unsolved LP2 segments exactly ONE has a short first line: seg 15, 9 runes,
    and it is a TRAILER not a header -- it is followed by the '&' then '$' ornament pair, i.e.
    it closes the passage that began on seg 14.  Every other unsolved segment opens with a
    full-width ~22-rune line.
  * LP2 therefore does NOT use a set-apart header line.  Its one readable page (seg 56) shows
    the LP2 convention instead: the title is INLINE and terminated by '.'  ('PARABLE.LIKE THE
    INSTAR TUNNELING TO THE SURFACE...').  That is why T1/T1b crib at every sentence start and
    every ornament boundary rather than at line starts.
  * '&' (18 occurrences) and '$' (9) are the ornament/section marks; '§' (1) closes seg 56.

