expanded semantic keys: 283  (from 126 Latin words)
== T2 GATE: vectorised screen must re-find the ground truth ==
  03.jpg: rank1 = DIVINITY (DIUINITY) sign-1 atbFalse score -5.502 | true DIVINITY at rank 0
  14.jpg: rank1 = CIRCUMFERENCE (FIRFUMFERENFE) sign-1 atbFalse score -5.190 | true CIRCUMFERENCE at rank 0
  T2 GATE: PASS

REAL   : best screen -5.740 on seg54 key THETOTIENTFUNCTION (THETOTIENTFUNFTION)
SHUFFLE: best screen -5.757 on seg54 key THINGS (THINGS)

screen scale calibration (rune-4gram, NOT the Latin scale):
  solved 03.jpg with true key: -5.502
  solved 14.jpg with true key: -5.190

== promotion of the top 20 real screens to the repo interrupter beam ==
   -6.255 seg54  THETOTIENTFUNCTION THETOTIENTFUNFTION sign-1 atbFalse  CBUDREAWAEIEAEOCXTHNMASUYEOLUUEAEUOURRHCINIEASNYYUIADAEAEEIA
   -6.432 seg44  AWARNINGTOTHEPILGRIM AWARNINGTOTHEPILGRIM sign-1 atbFalse  RDJIABNGBGDTIMYCIALIAXHYSBTEGFDBIAMIOMECRAEEANGTHEEORLNGFEAF
   -6.451 seg27  ANINSTRUCTION      ANINSTRUCTION      sign-1 atbTrue  XGNGEAIANFTHSNGFPNXEAIARHEASMBJLBETMAHEOAGBIAEOCFGTHSEAEAHAE
   -6.478 seg41  AWARNINGTOTHEPILGRIM AWARNINGTOTHEPILGRIM sign+1 atbTrue  AAEEABJMYETPDUSTAETEPEAXMYFONHWFCEOEFDOEBOENOEEMNTAEIANGLTHF
   -6.498 seg33  CONSCIOUSNESS      CONSCIOUSNESS      sign-1 atbTrue  FPCHPDEMWWBYAUYASHEOEAEARBXNIAEGEOEARNGTHIYSNTHCIAONGNGTIIFO
   -6.542 seg12  AKOANOFTHEINSTAR   AFOANOFTHEINSTAR   sign-1 atbFalse  IIUIIAAEEOFDTIANGEOLIATHBPIAEOEOYXTUYAEOCNAEATCTUIHPGOOFTHEF
   -6.552 seg1   GEMATRIAPRIMUS     GEMATRIAPRIMUS     sign+1 atbFalse  UEANIAEMOEAXJAEIEAHUXJIIBYFBGHDEEFLTNYLOCRWNDRHAEYNUFEOGOOEW
   -6.609 seg15  ENDOFALLTHINGS     ENDOFALLTHINGS     sign-1 atbTrue  NEASUFWSPNGMYIBEOOEIEREOIAWMAWMYEORCOEEOXWNBBGAECAJTHLAEUDOT
   -6.649 seg36  AWARNINGTOTHEPILGRIM AWARNINGTOTHEPILGRIM sign-1 atbTrue  WEOOBIAIUSNGNIMGREAMJMPHEMSRAEJNGTTENTNGEONXGHFILTHHDSEADEAA
   -6.656 seg49  CONSCIOUSNESS      FONSCIAUSNESS      sign+1 atbTrue  UPYXPRMNIAAEHEONTEOHNIAIRLMIACWEOGIAWUEAEFBMTOEWERIEOPPMSCAE

BEST LATIN-SCALE SCORE ON ANY UNSOLVED PAGE: -6.255   (repo hit threshold -5.200; campaign-18 null-max -6.820; English -4.0..-4.4)

elapsed 39.9s
