page  0 best=-6.462 via ('lp1_english_forward.txt', -1, 1, 1216)  [   95s]
page  1 best=-6.510 via ('king_in_yellow', -1, 0, 205484)  [  179s]
page  2 best=-6.538 via ('lp1_english_reversed.txt', 1, 1, 1786)  [  218s]
page  3 best=-6.501 via ('lp1_english_forward.txt', -1, 1, 2130)  [  283s]
page  4 best=-6.549 via ('king_in_yellow', 1, 1, 134384)  [  386s]
page  5 best=-6.619 via ('agrippa', -1, 1, 4911)  [  489s]
page  6 best=-6.538 via ('self_reliance', -1, 1, 33739)  [  548s]
page  7 best=-6.504 via ('lp1_english_reversed.txt', 1, 1, 1006)  [  615s]
page  8 best=-6.675 via ('king_in_yellow', 1, 1, 110650)  [  705s]
page  9 best=-6.675 via ('runepoem_oe', 1, 0, 1125)  [  809s]
page 10 best=-6.648 via ('lp1_english_forward.txt', 1, 0, 546)  [  904s]
page 11 best=-6.665 via ('lp1_english_forward.txt', -1, 1, 88)  [ 1006s]
page 12 best=-6.577 via ('lp1_english_forward.txt', -1, 1, 433)  [ 1110s]
page 13 best=-6.508 via ('agrippa', -1, 0, 2174)  [ 1218s]
page 14 best=-6.416 via ('cicada_koans_and_lp_sections.txt', 1, 1, 877)  [ 1249s]
page 15 best=-6.449 via ('mabinogion', 1, 0, 383609)  [ 1291s]
page 16 best=-6.716 via ('runepoem_oe', 1, 0, 858)  [ 1398s]
page 17 best=-6.658 via ('self_reliance', -1, 0, 5153)  [ 1500s]
page 18 best=-6.697 via ('mabinogion', -1, 0, 105372)  [29210s]
page 19 best=-6.571 via ('solved_plaintext', -1, 0, 6142)  [355497s]
page 20 best=-6.682 via ('self_reliance', 1, 1, 31334)  [355549s]
page 21 best=-6.682 via ('mabinogion', -1, 1, 35552)  [355600s]
page 22 best=-6.334 via ('lp1_english_forward.txt', -1, 0, 1730)  [355616s]
page 23 best=-6.532 via ('book_of_the_law', -1, 1, 19277)  [355653s]
page 24 best=-6.512 via ('king_in_yellow', 1, 0, 35136)  [355705s]
page 25 best=-6.659 via ('mabinogion', -1, 0, 129322)  [355758s]
page 26 best=-6.466 via ('mabinogion', -1, 1, 396935)  [355824s]
page 27 best=-6.646 via ('solved_plaintext', 1, 0, 5825)  [355870s]
page 28 best=-6.571 via ('king_in_yellow', -1, 0, 83805)  [355917s]
page 29 best=-6.794 via ('lp1_english_reversed.txt', -1, 1, 886)  [355962s]
page 30 best=-6.653 via ('agrippa', 1, 0, 3442)  [356012s]
page 31 best=-6.660 via ('mabinogion', 1, 0, 102158)  [356056s]
page 32 best=-6.376 via ('self_reliance', -1, 0, 8687)  [356070s]
page 33 best=-6.594 via ('self_reliance', 1, 1, 28830)  [356107s]
page 34 best=-6.640 via ('king_in_yellow', -1, 1, 273265)  [356157s]
page 35 best=-6.771 via ('king_in_yellow', -1, 0, 11285)  [356208s]
page 36 best=-6.601 via ('agrippa', -1, 0, 1229)  [356258s]
page 37 best=-6.682 via ('mabinogion', -1, 1, 14897)  [356302s]
page 38 best=-6.702 via ('agrippa', -1, 0, 2485)  [356351s]
page 39 best=-6.671 via ('self_reliance', 1, 1, 12550)  [356401s]
page 40 best=-6.648 via ('mabinogion', 1, 0, 219274)  [356453s]
page 41 best=-6.555 via ('book_of_the_law', -1, 0, 8939)  [356512s]
page 42 best=-6.658 via ('lp1_english_forward.txt', -1, 0, 932)  [356559s]
page 43 best=-6.598 via ('book_of_the_law', 1, 0, 8670)  [356614s]
page 44 best=-6.592 via ('cicada_koans_and_lp_sections.txt', -1, 1, 735)  [356669s]
page 45 best=-6.718 via ('solved_plaintext', -1, 1, 645)  [356717s]
page 46 best=-6.668 via ('agrippa', -1, 1, 6230)  [356763s]
page 47 best=-6.702 via ('mabinogion', -1, 1, 316067)  [356817s]
page 48 best=-6.570 via ('king_in_yellow', -1, 1, 118811)  [   59s]
page 49 best=-5.911 via ('runepoem_oe', 1, 0, 1168)  [    9s]
page 50 best=-6.278 via ('cicada_koans_and_lp_sections.txt', -1, 0, 2401)  [   11s]
page 51 best=-6.527 via ('mabinogion', -1, 1, 350977)  [   55s]
page 52 best=-6.622 via ('agrippa', 1, 0, 2704)  [   30s]
page 53 best=-6.618 via ('mabinogion', -1, 1, 67738)  [   42s]
page 54 best=-5.915 via ('book_of_the_law', -1, 0, 18536)  [   51s]

DONE interrupter+skip. GLOBAL best=-5.911 via (49, 'runepoem_oe', 1, 0, 1168)  hits>-5.5: 0
NULL.
[note: pages 48-54 completed by 6 parallel --pages workers after the sequential run was stopped at p47; per-worker logs RUN-int-p*.log; global best = max over all 55 per-page bests]
