loaded 122 texts; screen_thr=-6.0 conf_thr=-5.5 null-max=-6.82
page  0 (len 262)  best_screen=-5.953 via ('occult_mathers_goetia_crowley.txt', 1, 0, 180684)  [  211s]
page  1 (len 266)  best_screen=-5.978 via ('mabinogion.txt', 1, 1, 126979)  [  431s]
page  2 (len 201)  best_screen=-6.004 via ('hermetica_chemical_wedding.txt', 1, 0, 21885)  [  668s]
page  3 (len 217)  best_screen=-5.915 via ('mabinogion.txt', -1, 1, 194216)  [  897s]
page  4 (len 261)  best_screen=-6.038 via ('pg75994.txt', -1, 1, 81250)  [ 1118s]
page  5 (len 263)  best_screen=-6.045 via ('englishcanon_alice_wonderland.txt', -1, 1, 3879)  [ 1348s]
page  6 (len 196)  best_screen=-5.964 via ('philosophy_descartes_meditations.txt', 1, 1, 129139)  [ 1570s]
page  7 (len 208)  best_screen=-6.034 via ('kg_zohar.txt', 1, 0, 114571)  [ 1797s]
page  8 (len 255)  best_screen=-5.808 via ('mathscience_herschel_preliminary_discourse.txt', 1, 1, 212317)  [ 2039s]
page  9 (len 268)  best_screen=-6.041 via ('mathscience_faraday_chemical_history_candle.txt', 1, 1, 48164)  [ 2352s]
page 10 (len 263)  best_screen=-6.088 via ('norse_volsungasaga_morris.txt', 1, 0, 213982)  [ 2703s]
page 11 (len 273)  best_screen=-6.062 via ('norse_poeticedda.txt', -1, 1, 440605)  [ 3033s]
page 12 (len 261)  best_screen=-6.020 via ('kg_bahir.txt', 1, 1, 148642)  [ 3350s]
page 13 (len 272)  best_screen=-5.986 via ('norse_grettissaga.txt', -1, 1, 24269)  [ 3641s]
page 14 (len 137)  best_screen=-5.931 via ('runepoem_translit.txt', 1, 1, 1834)  [ 3968s]
page 15 (len 159)  best_screen=-6.070 via ('mabinogion.txt', 1, 0, 199006)  [ 4278s]
page 16 (len 267)  best_screen=-6.101 via ('mathscience_helmholtz_popular_lectures.txt', 1, 0, 139813)  [ 4635s]
page 17 (len 273)  best_screen=-5.936 via ('norse_poeticedda.txt', 1, 0, 443096)  [ 4966s]
page 18 (len 260)  best_screen=-6.066 via ('hermetica_turba_philosophorum.txt', 1, 0, 29725)  [ 5254s]
page 19 (len 271)  best_screen=-6.011 via ('mabinogion.txt', -1, 0, 114984)  [ 5556s]
page 20 (len 269)  best_screen=-5.861 via ('norse_proseedda_brodeur.txt', 1, 0, 205201)  [ 5811s]
page 21 (len 273)  best_screen=-6.060 via ('mathscience_herschel_preliminary_discourse.txt', -1, 0, 186902)  [ 6103s]
page 22 (len 131)  best_screen=-6.115 via ('mathscience_abbott_flatland.txt', -1, 1, 10180)  [ 6431s]
page 23 (len 213)  best_screen=-5.934 via ('meditations.txt', 1, 0, 137732)  [ 6773s]
page 24 (len 270)  best_screen=-6.027 via ('vs_idx.html', -1, 0, 524)  [ 7154s]
page 25 (len 273)  best_screen=-5.944 via ('mathscience_herschel_preliminary_discourse.txt', -1, 0, 165478)  [ 7487s]
page 26 (len 265)  best_screen=-5.982 via ('scripture_analects_confucius_legge.txt', 1, 1, 89829)  [ 7814s]
page 27 (len 234)  best_screen=-5.844 via ('mathscience_faraday_chemical_history_candle.txt', -1, 1, 23684)  [ 8152s]
page 28 (len 269)  best_screen=-5.998 via ('englishcanon_paradise_lost.txt', 1, 1, 270939)  [ 8482s]
page 29 (len 277)  best_screen=-6.012 via ('norse_kalevala_kirby.txt', 1, 1, 309900)  [200007s]
page 30 (len 263)  best_screen=-5.953 via ('scripture_quran_pickthall.txt', -1, 1, 607202)  [200280s]
page 31 (len 269)  best_screen=-6.022 via ('occult_barrett_magus_v2.txt', -1, 0, 60673)  [200564s]
page 32 (len 121)  best_screen=-5.882 via ('self_reliance.txt', 1, 1, 27170)  [200817s]
page 33 (len 214)  best_screen=-6.031 via ('philosophy_descartes_meditations.txt', -1, 1, 84135)  [201064s]
page 34 (len 261)  best_screen=-5.891 via ('kg_enoch1.txt', 1, 1, 165985)  [201363s]
page 35 (len 271)  best_screen=-6.004 via ('norse_volsungasaga_morris.txt', -1, 0, 209797)  [201671s]
page 36 (len 238)  best_screen=-6.042 via ('norse_kalevala_crawford.txt', -1, 0, 502343)  [201987s]
page 37 (len 228)  best_screen=-5.951 via ('gilgamesh.txt', -1, 1, 83556)  [202297s]
page 38 (len 228)  best_screen=-5.973 via ('walden.txt', 1, 1, 20031)  [202599s]
page 39 (len 240)  best_screen=-6.097 via ('words_expanded.txt', -1, 1, 266)  [246777s]
page 40 (len 231)  best_screen=-6.002 via ('kg_pistis_sophia.txt', 1, 1, 376881)  [247017s]
page 41 (len 273)  best_screen=-6.006 via ('mysticism_poetry_eckhart_sermons.txt', -1, 1, 178230)  [247249s]
page 42 (len 272)  best_screen=-6.037 via ('scripture_upanishads_sbe.txt', -1, 1, 50276)  [247497s]
page 43 (len 274)  best_screen=-6.012 via ('meditations.txt', 1, 0, 251693)  [247733s]
page 44 (len 273)  best_screen=-5.986 via ('kg_sepher_yetzirah.txt', -1, 1, 92026)  [247976s]
page 45 (len 270)  best_screen=-5.958 via ('mysticism_poetry_dark_night_soul.txt', -1, 1, 70229)  [248196s]
page 46 (len 270)  best_screen=-5.893 via ('norse_njalsaga_dasent.txt', 1, 0, 234578)  [248449s]
page 47 (len 274)  best_screen=-6.065 via ('occult_levi_transcendental_doctrine.txt', 1, 1, 358623)  [248676s]
page 48 (len 271)  best_screen=-6.020 via ('hermetica_theurgy_garstin.txt', -1, 1, 43297)  [248913s]
page 49 (len  66)  best_screen=-5.809 via ('mysticism_poetry_dark_night_soul.txt', 1, 1, 28455)  [249148s]
page 50 (len  92)  best_screen=-5.962 via ('mysticism_poetry_eckhart_sermons.txt', -1, 0, 759555)  [249404s]
page 51 (len 263)  best_screen=-6.010 via ('philosophy_nietzsche_bge.txt', -1, 0, 42709)  [249674s]
page 52 (len 179)  best_screen=-5.982 via ('scripture_quran_pickthall.txt', 1, 1, 1058358)  [249938s]
page 53 (len 232)  best_screen=-5.991 via ('philosophy_plato_republic.txt', -1, 0, 503166)  [250219s]
page 54 (len  76)  best_screen=-5.864 via ('zarathustra.txt', 1, 0, 94660)  [250499s]

DONE 250499s. total hits over conf_thr=-5.5: 0
NO hits above threshold in this run.
