loaded 47 texts; screen_thr=-6.0 conf_thr=-5.5 null-max=-6.82
page  0 (len 262)  best_screen=-5.983 via ('tyndale_new_testament.txt', -1, 1, 495540)  [  200s]
page  1 (len 266)  best_screen=-6.134 via ('virgil_aeneid_dryden.txt', -1, 1, 215883)  [  381s]
page  2 (len 201)  best_screen=-6.055 via ('tao_te_ching_legge.txt', 1, 0, 6343)  [  563s]
page  3 (len 217)  best_screen=-6.051 via ('kjb_job.txt', -1, 1, 55458)  [  744s]
page  4 (len 261)  best_screen=-6.062 via ('blavatsky_secret_doctrine_v2.txt', -1, 1, 825937)  [  955s]
page  5 (len 263)  best_screen=-6.068 via ('leibniz_theodicy.txt', 1, 0, 323740)  [ 1171s]
page  6 (len 196)  best_screen=-6.054 via ('arabian_nights_lane.txt', -1, 0, 48141)  [ 1397s]
page  7 (len 208)  best_screen=-5.940 via ('nietzsche_twilight_idols.txt', 1, 0, 286294)  [ 1631s]
page  8 (len 255)  best_screen=-6.005 via ('gibbon_decline_fall_v1.txt', -1, 0, 445024)  [ 1850s]
page  9 (len 268)  best_screen=-6.054 via ('suetonius_twelve_caesars.txt', 1, 1, 217518)  [ 2065s]
page 10 (len 263)  best_screen=-6.003 via ('mahabharata_v1_ganguli.txt', 1, 0, 111739)  [ 2286s]
page 11 (len 273)  best_screen=-6.077 via ('plato_symposium.txt', 1, 0, 45788)  [46388s]
page 12 (len 261)  best_screen=-6.034 via ('herodotus_histories.txt', 1, 1, 29274)  [46554s]
page 13 (len 272)  best_screen=-6.025 via ('suetonius_twelve_caesars.txt', -1, 0, 642855)  [46735s]
page 14 (len 137)  best_screen=-6.047 via ('arabian_nights_burton_v1.txt', -1, 0, 339920)  [46899s]
page 15 (len 159)  best_screen=-6.095 via ('upanishads_hume.txt', -1, 1, 52111)  [47075s]
page 16 (len 267)  best_screen=-6.104 via ('bible_douay_rheims.txt', 1, 0, 1447120)  [47238s]
page 17 (len 273)  best_screen=-6.083 via ('kjb_ezekiel.txt', -1, 1, 132910)  [47412s]
page 18 (len 260)  best_screen=-6.055 via ('thucydides_peloponnesian_war.txt', -1, 0, 851572)  [47592s]
page 19 (len 271)  best_screen=-5.894 via ('mahabharata_v1_ganguli.txt', -1, 1, 420752)  [47754s]
page 20 (len 269)  best_screen=-6.015 via ('kjb_isaiah.txt', -1, 0, 135731)  [47918s]
page 21 (len 273)  best_screen=-6.092 via ('kjb_isaiah.txt', -1, 0, 60103)  [48096s]
page 22 (len 131)  best_screen=-6.085 via ('nietzsche_twilight_idols.txt', -1, 0, 141198)  [48266s]
page 23 (len 213)  best_screen=-6.105 via ('shelley_frankenstein.txt', -1, 0, 219597)  [48425s]
page 24 (len 270)  best_screen=-6.057 via ('arabian_nights_lane.txt', 1, 1, 657454)  [48608s]
page 25 (len 273)  best_screen=-6.113 via ('gibbon_decline_fall_v1.txt', -1, 1, 755062)  [48784s]
page 26 (len 265)  best_screen=-6.091 via ('blavatsky_secret_doctrine_v2.txt', 1, 0, 531869)  [48963s]
page 27 (len 234)  best_screen=-6.063 via ('bhagavad_gita_arnold.txt', -1, 0, 86790)  [49153s]
page 28 (len 269)  best_screen=-5.872 via ('goethe_faust_taylor.txt', -1, 0, 78789)  [49345s]
page 29 (len 277)  best_screen=-5.931 via ('suetonius_twelve_caesars.txt', -1, 1, 579868)  [49535s]
page 30 (len 263)  best_screen=-6.145 via ('plato_timaeus.txt', 1, 0, 92763)  [49738s]
page 31 (len 269)  best_screen=-6.029 via ('leibniz_theodicy.txt', 1, 1, 30021)  [49945s]
page 32 (len 121)  best_screen=-6.046 via ('suetonius_twelve_caesars.txt', 1, 0, 202527)  [50149s]
page 33 (len 214)  best_screen=-6.026 via ('plato_timaeus.txt', 1, 0, 94856)  [50363s]
page 34 (len 261)  best_screen=-5.860 via ('virgil_aeneid_dryden.txt', 1, 1, 405730)  [50595s]
page 35 (len 271)  best_screen=-6.064 via ('schopenhauer_world_will.txt', -1, 1, 187600)  [50820s]
page 36 (len 238)  best_screen=-6.035 via ('hesiod_theogony_works.txt', 1, 0, 278515)  [51041s]
page 37 (len 228)  best_screen=-6.069 via ('shelley_frankenstein.txt', 1, 1, 33757)  [51274s]
page 38 (len 228)  best_screen=-6.078 via ('leibniz_theodicy.txt', -1, 0, 531569)  [51499s]
page 39 (len 240)  best_screen=-6.111 via ('kjb_isaiah.txt', 1, 1, 66466)  [51728s]
page 40 (len 231)  best_screen=-5.827 via ('homer_iliad.txt', 1, 1, 167713)  [51953s]
page 41 (len 273)  best_screen=-5.871 via ('arabian_nights_burton_v1.txt', -1, 1, 199848)  [52180s]
page 42 (len 272)  best_screen=-6.052 via ('nietzsche_twilight_idols.txt', -1, 0, 300248)  [52405s]
page 43 (len 274)  best_screen=-5.921 via ('mill_on_liberty.txt', 1, 0, 120714)  [52633s]
page 44 (len 273)  best_screen=-6.042 via ('herodotus_histories.txt', 1, 0, 35976)  [52851s]
page 45 (len 270)  best_screen=-5.990 via ('plato_timaeus.txt', -1, 1, 255797)  [53075s]
page 46 (len 270)  best_screen=-6.096 via ('bible_douay_rheims.txt', 1, 1, 3194863)  [53311s]
page 47 (len 274)  best_screen=-5.951 via ('paine_common_sense.txt', -1, 1, 23934)  [53542s]
page 48 (len 271)  best_screen=-6.115 via ('plato_timaeus.txt', -1, 0, 44732)  [53773s]
page 49 (len  66)  best_screen=-5.754 via ('arabian_nights_lane.txt', -1, 0, 684560)  [53993s]
page 50 (len  92)  best_screen=-5.905 via ('kant_critique_pure_reason.txt', 1, 1, 739431)  [54223s]
page 51 (len 263)  best_screen=-5.880 via ('shelley_frankenstein.txt', -1, 0, 120866)  [54453s]
page 52 (len 179)  best_screen=-6.095 via ('shelley_frankenstein.txt', -1, 1, 188595)  [54671s]
page 53 (len 232)  best_screen=-6.127 via ('bible_douay_rheims.txt', -1, 1, 1309904)  [54891s]
page 54 (len  76)  best_screen=-5.824 via ('bible_douay_rheims.txt', -1, 1, 2387788)  [55111s]

DONE 55111s. total hits over conf_thr=-5.5: 0
NO hits above threshold in this run.
