page -> canon segment(s)
  p0   -> [(0, 10)]
  p1   -> [(1, 8), (0, 2)]   <== MISMATCH
  p2   -> [(2, 8), (1, 4)]   <== MISMATCH
  p3   -> [(3, 10), (2, 1)]   <== MISMATCH
  p4   -> [(4, 12)]
  p5   -> [(5, 12)]
  p6   -> [(6, 9)]
  p7   -> [(7, 10)]
  p8   -> [(8, 12)]
  p9   -> [(9, 12)]
  p10  -> [(10, 12)]
  p11  -> [(11, 12)]
  p12  -> [(12, 12)]
  p13  -> [(13, 12)]
  p14  -> [(14, 6)]
  p15  -> [(15, 8), (14, 1)]   <== MISMATCH
  p16  -> [(16, 12)]
  p17  -> [(17, 12)]
  p18  -> [(18, 12)]
  p19  -> [(19, 12)]
  p20  -> [(20, 12)]
  p21  -> [(21, 12)]
  p22  -> [(22, 6)]
  p23  -> [(23, 10)]
  p24  -> [(24, 12)]
  p25  -> [(25, 12)]
  p26  -> [(26, 12)]
  p27  -> [(27, 11)]
  p28  -> [(28, 12)]
  p29  -> [(29, 12)]
  p30  -> [(30, 12)]
  p31  -> [(31, 12)]
  p32  -> [(32, 6)]
  p33  -> [(33, 11)]
  p34  -> [(34, 12)]
  p35  -> [(35, 12)]
  p36  -> [(36, 11)]
  p37  -> [(37, 11)]
  p38  -> [(38, 11)]
  p39  -> [(39, 11)]
  p40  -> [(40, 11)]
  p41  -> [(41, 12)]
  p42  -> [(42, 12)]
  p43  -> [(43, 11)]
  p44  -> [(44, 10), (43, 1)]   <== MISMATCH
  p45  -> [(45, 9), (44, 2)]   <== MISMATCH
  p46  -> [(46, 8), (45, 3)]   <== MISMATCH
  p47  -> [(47, 5), (46, 4)]   <== MISMATCH
  p48  -> [(47, 7), (48, 2)]   <== MISMATCH
  p49  -> [(48, 7)]   <== MISMATCH
  p50  -> [(48, 3), (49, 2)]   <== MISMATCH
  p51  -> [(50, 4), (51, 3), (49, 1)]   <== MISMATCH
  p52  -> [(51, 9), (52, 2)]   <== MISMATCH
  p53  -> [(52, 6), (53, 3)]   <== MISMATCH
  p54  -> [(53, 8), (54, 1)]   <== MISMATCH
  p55  -> [(55, 4), (56, 3), (54, 2)]   <== MISMATCH
pages with non-identity mapping: 16
