classes used in read: 32
  class   0    301
  class   1    465
  class   2    617
  class   3    812
  class   4    820
  class   5    449
  class   6    530
  class   7    463
  class   8    633
  class   9    549
  class  10    430
  class  11   1289
  class  12    600
  class  13    491
  class  14    510
  class  15    281
  class  16    474
  class  17    434
  class  18    426
  class  19    458
  class  20    400
  class  21    553
  class  22    464
  class  23    416
  class  24    682
  class  25    706
  class  26      1
  class  27    460
  class  28    587
  class  29    371
  class  30    433
  class  31    140

kept classes (>=100 glyphs at stage1): 32
  class   0 stage1cover   312  readcount   301
  class   1 stage1cover   469  readcount   465
  class   2 stage1cover   445  readcount   617
  class   3 stage1cover   450  readcount   812
  class   4 stage1cover   366  readcount   820
  class   5 stage1cover   466  readcount   449
  class   6 stage1cover   446  readcount   530
  class   7 stage1cover   454  readcount   463
  class   8 stage1cover   454  readcount   633
  class   9 stage1cover   400  readcount   549
  class  10 stage1cover   398  readcount   430
  class  11 stage1cover   151  readcount  1289
  class  12 stage1cover   432  readcount   600
  class  13 stage1cover   483  readcount   491
  class  14 stage1cover   451  readcount   510
  class  15 stage1cover   288  readcount   281
  class  16 stage1cover   427  readcount   474
  class  17 stage1cover   452  readcount   434
  class  18 stage1cover   442  readcount   426
  class  19 stage1cover   434  readcount   458
  class  20 stage1cover   428  readcount   400
  class  21 stage1cover   416  readcount   553
  class  22 stage1cover   442  readcount   464
  class  23 stage1cover   432  readcount   416
  class  24 stage1cover   454  readcount   682
  class  25 stage1cover   393  readcount   706
  class  26 stage1cover   263  readcount     1
  class  27 stage1cover   425  readcount   460
  class  28 stage1cover   449  readcount   587
  class  29 stage1cover   141  readcount   371
  class  30 stage1cover   395  readcount   433
  class  31 stage1cover   132  readcount   140
