
=== p5 line 11 (seg 5) ===
 image (20): G-NG-T-EA-X-A-R-Y-A-U-T-EO-C-O-EO-OE-AE-P-T-G
 canon (20): NG-C-E-EA-X-A-R-Y-A-U-T-C-P-C-O-EO-OE-AE-P-T
 x: [385, 601, 655, 768, 874, 941] ...
 wrote case_p5_l11.png shape (145, 1730)

=== p11 line 4 (seg 11) ===
 image (24): O-L-F-C-EA-A-F-OE-AE-F-N-C-U-B-R-N-EO-O-X-I-S-D-I-I
 canon (23): O-L-F-C-EA-A-F-OE-AE-F-N-C-U-B-R-N-EO-O-X-I-C-OE-D
 x: [601, 639, 691, 729, 783, 888] ...
 wrote case_p11_l4.png shape (145, 1662)

=== p40 line 6 (seg 40) ===
 image (26): I-I-C-J-H-L-Y-G-AE-L-D-L-AE-L-TH-X-L-E-X-O-X-I-T-M-EO-C
 canon (23): C-J-H-L-Y-G-AE-L-D-L-AE-L-TH-X-L-E-X-O-X-I-C-U-M
 x: [102, 265, 600, 670, 720, 770] ...
 wrote case_p40_l6.png shape (145, 2296)

=== page 55 ===
  band 0: 24 comps  x 601..1757
  band 1: 2 comps  x 1140..1439
  band 2: 12 comps  x 309..2069
  band 3: 2 comps  x 80..2298
  canon line 0: 24 runes  NG-AE-M-I-W-S-B-X-M-S-EO-G-D-TH-AE-F-IA-A-B-C-U-W-R-B
  canon line 1: 22 runes  EA-F-X-I-M-U-C-P-H-NG-L-EO-M-S-D-IA-P-F-B-H-EO-C
  canon line 2: 22 runes  EO-E-EA-E-I-G-X-G-S-E-S-EO-TH-TH-E-S-TH-OE-C-EA-I-M
  canon line 3: 8 runes  C-X-D-J-U-B-E-I
