n glyphs 16245 median cost 129.0 mean 362.1
frac cost<=20: 0.146  <=50: 0.309  <=100: 0.385

class  n   median  mean   frac<=50
    0   301   360.0   369.4    0.027
    1   465    58.0   149.8    0.394
    2   617   124.0   366.2    0.237
    3   812   194.0   836.0    0.297
    4   820   300.0   765.7    0.293
    5   449   179.0   180.5    0.272
    6   530    58.0   228.7    0.483
    7   463   134.0   207.2    0.261
    8   633   110.0   352.0    0.404
    9   549   146.0   409.2    0.421
   10   430   111.0   209.0    0.147
   11  1289   114.0   128.9    0.388
   12   600   145.0   505.2    0.188
   13   491   143.0   225.8    0.116
   14   510   132.0   284.3    0.225
   15   281    66.0   135.7    0.413
   16   474   229.0   341.1    0.141
   17   434   136.0   212.1    0.136
   18   426    38.5   171.8    0.547
   19   458    84.0   209.1    0.269
   20   400   225.0   227.2    0.273
   21   553   128.0   425.7    0.416
   22   464    51.0   159.4    0.487
   23   416   233.0   246.4    0.257
   24   682   176.0   934.1    0.085
   25   706   179.0   642.1    0.296
   26     1  1454.0  1454.0    0.000
   27   460   180.0   309.0    0.448
   28   587   123.0   456.7    0.336
   29   371   214.0   167.8    0.278
   30   433    48.0   158.1    0.524
   31   140    34.0    86.0    0.729

class widths/heights (centre bitmap) and stage1 cover:
  class   0  h=114 w=  9 cover=  312
  class   1  h=114 w= 35 cover=  469
  class   2  h=114 w= 34 cover=  445
  class   3  h=114 w= 65 cover=  450
  class   4  h=114 w= 53 cover=  366
  class   5  h=114 w= 52 cover=  466
  class   6  h=114 w= 34 cover=  446
  class   7  h=114 w= 35 cover=  454
  class   8  h=114 w= 34 cover=  454
  class   9  h=113 w= 52 cover=  400
  class  10  h=112 w= 52 cover=  398
  class  11  h=114 w= 10 cover=  151
  class  12  h=114 w= 43 cover=  432
  class  13  h=114 w= 44 cover=  483
  class  14  h=114 w= 34 cover=  451
  class  15  h=113 w= 34 cover=  288
  class  16  h=114 w= 35 cover=  427
  class  17  h=114 w= 50 cover=  452
  class  18  h=114 w= 53 cover=  442
  class  19  h=112 w= 34 cover=  434
  class  20  h=114 w= 53 cover=  428
  class  21  h=114 w= 50 cover=  416
  class  22  h=114 w= 34 cover=  442
  class  23  h=114 w= 53 cover=  432
  class  24  h=114 w= 87 cover=  454
  class  25  h=113 w= 41 cover=  393
  class  26  h=114 w= 43 cover=  263
  class  27  h=114 w= 53 cover=  425
  class  28  h=114 w= 45 cover=  449
  class  29  h=114 w= 44 cover=  141
  class  30  h=114 w= 35 cover=  395
  class  31  h=114 w= 35 cover=  132
