image lines 646 (16245 glyphs) | canonical lines 604 (13136 runes)
aligned 596 | image bands skipped 50 | rune-count-exact lines 232 (38.4%)

class->rune assignment recovered for 29 classes
agreement on count-exact lines: 5047 / 5207 = 96.927%
classes with no rune assigned (merge/split artifacts): [(0, 1), (26, 0), (31, 56)]

per-glyph disagreements on count-exact lines: 103
most common confusions (image -> canon):
   U    -> Y     6
   AE   -> A     5
   L    -> W     3
   C    -> I     3
   OE   -> Y     2
   NG   -> E     2
   TH   -> B     2
   X    -> OE    2
   EA   -> AE    2
   AE   -> O     1
   C    -> O     1
   TH   -> A     1

wrote diff_report.json
