closest cross-class pairs (normalised ink distance), lowest 12:
   c15  <-> c31   d=0.0989   n=288/132
   c31  <-> c15   d=0.0989   n=132/288
   c26  <-> c29   d=0.1240   n=263/141
   c29  <-> c26   d=0.1240   n=141/263
   c1   <-> c22   d=0.1598   n=469/442
   c22  <-> c1    d=0.1598   n=442/469
   c8   <-> c30   d=0.1739   n=454/395
   c30  <-> c8    d=0.1739   n=395/454
   c7   <-> c1    d=0.1773   n=454/469
   c2   <-> c11   d=0.2018   n=445/151
   c11  <-> c2    d=0.2018   n=151/445
   c20  <-> c27   d=0.2213   n=428/425

next tier (13-20):
   c27  <-> c20   d=0.2213   n=425/428
   c0   <-> c11   d=0.2250   n=312/151
   c23  <-> c20   d=0.2375   n=432/428
   c9   <-> c18   d=0.2391   n=400/442
   c18  <-> c9    d=0.2391   n=442/400
   c6   <-> c30   d=0.2513   n=446/395
   c19  <-> c30   d=0.3233   n=434/395
   c21  <-> c24   d=0.3355   n=416/454
