--- POSITIVE CONTROL: campaign18 keyword skip-beam gate ---
GATE: PASS  {'rigid': -7.0170222608465185, 'beam': -4.154151750699885, 'ctrl': -7.363285903810408, 'match': 1.0}
B1 artifact keywords into the skip beam: 112
pages swept (scaled): [0, 3, 6, 9, 12, 15, 18, 21, 24, 27, 30, 33, 36, 39, 42, 45, 48, 51]
  p0   best=-6.443 key=SIGNATURE  (24s)
  p3   best=-6.397 key=ERWFFSDVXPMRSK  (35s)
  p6   best=-6.408 key=THEREISNOTRUTH  (46s)
  p9   best=-6.364 key=QWMHFHZVUQFMF  (57s)
  p12  best=-6.312 key=RESPONSE  (68s)
  p15  best=-6.500 key=MEANINGLESS  (94s)
  p18  best=-6.383 key=GBYHZNMCEZSMR  (105s)
  p21  best=-6.164 key=ERWFFSDVXPMRSK  (116s)
  p24  best=-6.406 key=CAGETHROTTLEUS  (128s)
  p27  best=-6.318 key=UNKNOWN  (138s)
  p30  best=-6.344 key=INDETERMINATE  (147s)
  p33  best=-6.426 key=PRIMEECHO  (157s)
  p36  best=-6.419 key=DOCTYPE  (166s)
  p39  best=-6.403 key=WHATISTHEWAY  (175s)
  p42  best=-6.389 key=PUBLIC  (186s)
  p45  best=-6.493 key=CONTENTS  (195s)
  p48  best=-6.383 key=FOLLYWISDOM  (205s)
  p51  best=-6.447 key=TIBERIVS  (215s)
REAL skip-beam best = -6.164  (21, 'ERWFFSDVXPMRSK', -1, False, 13)
REAL confirmed hits (> -5.5) = 0
NULL skip-beam best = -6.248  (0, 'YWYUVRQRAOWAGF', -1, True, 2)
NULL confirmed hits = 0
DELTA (real - null) = +0.084   [positive and > +0.5 would be signal; <= 0 is a clean negative]
