artifact ALPHA keys = 168, NUMER streams = 16
PC-B 03.jpg: rank1 key=DIVINITY score=-4.344 (true=DIVINITY) -> PASS
      WELCOMEWELCOMEPILGRIMTOTHEGREATJOURNEYTOWARDTHEENDOALLTHNGSITISNOTANEASYTRIPBUTORTHOSEWHOINDTHEIRWAY
      rank2 = EEDITION @ -6.780  (margin 2.436)
PC-B 14.jpg: rank1 key=FIRFUMFERENFE score=-4.243 (true=FIRFUMFERENFE) -> PASS
      ACOANDURNGALESSONTHEMASTEREXPLAINEDTHEITHEIISTHEUOICEOTHECIRCUMERENCEHESAIDWHENASCEDBYASTUDENTTOEXPL
      rank2 = THEONEWHOSEESTHEREFLEFTION @ -6.936  (margin 2.693)
PC-C planted artifact key: rank1=THEKEYISALLAROUNDYOU score=-4.218 (true=THEKEYISALLAROUNDYOU) -> PASS
      THECUICCMORNINGLIGHTFELLUPONTHEOLDSTONEWALLANDTHETRAUELLERCNEWTHATHISJOURNEYWASNEARLYATANENDFORBEYON
      rank2 = THEKEYISALLAROUNDYOU @ -4.218  (margin 0.000)
artifact ALPHA keys = 168, NUMER streams = 16
real LP2 pages = 55, runes = 12956
[REAL] keyless baseline done  best=-6.756  (1s)
[REAL] 168 usable artifact keywords
[REAL] vigenere grid done  best=-6.306  (97s)
[REAL] numeric grid done  best=-6.306  (107s)
  interrupter beam: best=-6.375 key=IAMTHEVOICEINSIDEMYHEAD page=49
artifact ALPHA keys = 168, NUMER streams = 16
NULL: per-page shuffled LP2, 55 pages
[NULL] keyless baseline done  best=-6.895  (1s)
[NULL] 168 usable artifact keywords
[NULL] vigenere grid done  best=-6.065  (68s)
[NULL] numeric grid done  best=-6.065  (76s)
  interrupter beam: best=-6.388 key=GOODBYE page=49
artifact ALPHA keys = 168, NUMER streams = 16
PC-B 03.jpg: rank1 key=DIVINITY score=-4.344 (true=DIVINITY) -> PASS
      WELCOMEWELCOMEPILGRIMTOTHEGREATJOURNEYTOWARDTHEENDOALLTHNGSITISNOTANEASYTRIPBUTORTHOSEWHOINDTHEIRWAY
      rank2 = EEDITION @ -6.780  (margin 2.436)
PC-B 14.jpg: rank1 key=FIRFUMFERENFE score=-4.243 (true=FIRFUMFERENFE) -> PASS
      ACOANDURNGALESSONTHEMASTEREXPLAINEDTHEITHEIISTHEUOICEOTHECIRCUMERENCEHESAIDWHENASCEDBYASTUDENTTOEXPL
      rank2 = THEONEWHOSEESTHEREFLEFTION @ -6.936  (margin 2.693)
PC-C planted artifact key: rank1=THEKEYISALLAROUNDYOU score=-4.218 (true=THEKEYISALLAROUNDYOU) -> PASS
      THECUICCMORNINGLIGHTFELLUPONTHEOLDSTONEWALLANDTHETRAUELLERCNEWTHATHISJOURNEYWASNEARLYATANENDFORBEYON
      rank2 = THEKEYISALLAROUNDYOU @ -4.218  (margin 0.000)
