ok   blake_marriage_heaven_hell (61296 bytes)
ok   blake_songs_innocence_experience (52815 bytes)
ok   blake_poems (46701 bytes)
ok   emerson_essays_first (491360 bytes)
ok   emerson_essays_second (352850 bytes)
ok   thoreau_walden (667957 bytes)
FAIL milton_paradise_lost
ok   bunyan_pilgrims_progress (331509 bytes)
ok   aurelius_meditations (425304 bytes)
ok   laotzu_tao_te_ching (80552 bytes)
ok   bhagavad_gita (147501 bytes)
ok   kybalion (739215 bytes)
ok   corpus_hermeticum_pymander (345868 bytes)
ok   nietzsche_zarathustra (682923 bytes)
ok   plato_republic (1244164 bytes)
ok   beowulf (300462 bytes)
ok   poetic_edda (3820087 bytes)
ok   elder_edda (914155 bytes)
ok   chaucer_canterbury (1729267 bytes)
ok   homer_odyssey (717784 bytes)
ok   homer_iliad (1161373 bytes)
ok   kjv_bible (4455950 bytes)
ok   quran (1145263 bytes)
ok   diary_anne_frank_ctrl (149762 bytes)
ok   melville_moby (1276263 bytes)
ok   shelley_frankenstein (448885 bytes)
ok   doyle_sherlock (607606 bytes)
ok   twain_huck (622460 bytes)
ok   kafka_metamorphosis (141933 bytes)
ok   stoker_dracula (408976 bytes)
ok   dostoyevsky_crime (1201725 bytes)
ok   shakespeare_complete (5638480 bytes)
ok   leviathan_hobbes (1235295 bytes)
ok   machiavelli_prince (308019 bytes)
ok   second_treatise_locke (339004 bytes)
ok   apocrypha (531682 bytes)
ok   dante_divine_comedy (656728 bytes)
ok   dhammapada (1736560 bytes)
ok   upanishads (125461 bytes)
ok   book_of_enoch (556306 bytes)
--- corpus ---
-rwxrwxrwx 1 dukotah dukotah  448885 Aug 11 15:59 shelley_frankenstein.txt
-rwxrwxrwx 1 dukotah dukotah  408976 Aug 11 15:59 stoker_dracula.txt
-rwxrwxrwx 1 dukotah dukotah  667957 Aug 11 15:56 thoreau_walden.txt
-rwxrwxrwx 1 dukotah dukotah  622460 Aug 11 15:59 twain_huck.txt
-rwxrwxrwx 1 dukotah dukotah  125461 Aug 11 16:01 upanishads.txt
35M	.
