== RECON-C-01: cijhho insider/leak tree (krisyotam/cicada3301) ==
skip  irc_winners_leak.txt
skip  logs_on_zerobin.txt
skip  unfiction_alleged_winners.docx
skip  2012_winners_leak.txt
skip  2012_pastebin_leaked.txt
skip  2013_server_response_leaker_pgp.txt
skip  2013_we_got_emails.docx
skip  2013_unverified_warning.docx
skip  2014_leaked_too_much.txt

== full tree manifest (for anything else worth pulling) ==
skip  krisyotam_tree.tsv

== RECON-C-02: Reddit archive (arctic-shift), paginated by created_utc ==
ok    reddit_a2e7j6ic78h0j_posts.jsonl  (0 rows)
ok    reddit_a2e7j6ic78h0j_comments.jsonl  (0 rows)
ok    reddit_Cicada_posts.jsonl  (0 rows)
ok    reddit_Cicada_comments.jsonl  (0 rows)

Done. Output in: /c/Users/dukot/projects/cicada3301/liber-primus/analysis/round10/L6-archives/fetched
NEXT: read fetched/cijhho_leak/irc_winners_leak.txt against
      analysis/attribution/CAMPAIGN-XIX-WITNESSES.md findings #1 and #2.
FALSIFIER: the Campaign XIX bound survives UNLESS this log contains a first-person
      claim that 3301 distributed CIPHER MATERIAL OR KEYS to insiders.
      'they gave us access / a wiki / a git' does NOT meet that bar.
