== https://github.com/Devenoh/liber-primus
   ERR https://archive.softwareheritage.org/api/1/origin/https://github.com/Devenoh/liber-primus/visit/late b'<!doctype html><html lang="en"><head><title>Making sure you&#39;re not a bot!</title><link rel="stylesheet" href="/.with'
   no snapshot in SWH
== https://github.com/Hadyn/Liber-Primus-Runes-OCR
   ERR https://archive.softwareheritage.org/api/1/origin/https://github.com/Hadyn/Liber-Primus-Runes-OCR/vi b'<!doctype html><html lang="en"><head><title>Making sure you&#39;re not a bot!</title><link rel="stylesheet" href="/.with'
   no snapshot in SWH
== https://github.com/HelixPiano/Rune-indices-Liber-Primus
   ERR https://archive.softwareheritage.org/api/1/origin/https://github.com/HelixPiano/Rune-indices-Liber-P b'<!doctype html><html lang="en"><head><title>Making sure you&#39;re not a bot!</title><link rel="stylesheet" href="/.with'
   no snapshot in SWH
== https://github.com/christj2/Liber-Primus-Decoder
   ERR https://archive.softwareheritage.org/api/1/origin/https://github.com/christj2/Liber-Primus-Decoder/v b'<!doctype html><html lang="en"><head><title>Making sure you&#39;re not a bot!</title><link rel="stylesheet" href="/.with'
   no snapshot in SWH
== https://github.com/geraldsandoval/liber-primus
   ERR https://archive.softwareheritage.org/api/1/origin/https://github.com/geraldsandoval/liber-primus/vis b'<!doctype html><html lang="en"><head><title>Making sure you&#39;re not a bot!</title><link rel="stylesheet" href="/.with'
   no snapshot in SWH
== https://github.com/hcbt/Liber-Primus-scripts
   ERR https://archive.softwareheritage.org/api/1/origin/https://github.com/hcbt/Liber-Primus-scripts/visit b'<!doctype html><html lang="en"><head><title>Making sure you&#39;re not a bot!</title><link rel="stylesheet" href="/.with'
   no snapshot in SWH
== https://github.com/lydiasamuel/liber-primus
   ERR https://archive.softwareheritage.org/api/1/origin/https://github.com/lydiasamuel/liber-primus/visit/ b'<!doctype html><html lang="en"><head><title>Making sure you&#39;re not a bot!</title><link rel="stylesheet" href="/.with'
   no snapshot in SWH
done -> C:\Users\dukot\projects\cicada3301\liber-primus\analysis\round10\L6-archives\fetched\swh
